1) Загрузите образ node версии 15.14:


2) Запустите контейнер node в интерактивном режиме подключения терминала, поименуйте его mynode, передайте две переменные среды NAME=<ваше имя> и SURNAME=<ваша фамилия>:
PS D:\dz\backend-middle-homework> docker run --name mynode -it -e NAME=Dan -e SURNAME=Losev node:15.14  ping netology.ru
PING netology.ru (188.114.98.224) 56(84) bytes of data.
64 bytes from 188.114.98.224 (188.114.98.224): icmp_seq=1 ttl=37 time=23.4 ms
64 bytes from 188.114.98.224 (188.114.98.224): icmp_seq=2 ttl=37 time=23.2 ms
64 bytes from 188.114.98.224 (188.114.98.224): icmp_seq=3 ttl=37 time=23.2 ms
64 bytes from 188.114.98.224 (188.114.98.224): icmp_seq=4 ttl=37 time=23.3 ms
64 bytes from 188.114.98.224 (188.114.98.224): icmp_seq=5 ttl=37 time=23.3 ms
64 bytes from 188.114.98.224 (188.114.98.224): icmp_seq=6 ttl=37 time=23.2 ms
64 bytes from 188.114.98.224 (188.114.98.224): icmp_seq=7 ttl=37 time=24.7 ms

PS D:\dz\backend-middle-homework> docker exec -it mynode env
PATH=/usr/local/sbin:/usr/local/bin:/usr/sbin:/usr/bin:/sbin:/bin
HOSTNAME=f794a8181e87
TERM=xterm
SURNAME=Losev
NAME=Dan
NODE_VERSION=15.14.0
YARN_VERSION=1.22.5
HOME=/root


3) В интерактивной среде выполнения node выполните скрипт, который выведет на экран приветсвтие: Привет, <ваше имя> <ваша фамилия>!, эти данные должны быть получены из переменных среды:
PS D:\dz\backend-middle-homework> docker run --name mynode -it -e NAME=Dan -e SURNAME=Losev node:15.14
Welcome to Node.js v15.14.0.
Type ".help" for more information.
> console.log(`Привет, ${process.env.NAME} ${process.env.SURNAME}!`)
Привет, Dan Losev!
undefined


4) Остановите контейнер:
PS D:\dz\backend-middle-homework> docker stop mynode
mynode

PS D:\dz\backend-middle-homework> docker ps -a
CONTAINER ID   IMAGE        COMMAND                  CREATED         STATUS                       PORTS     NAMES
7a50d955837a   node:15.14   "docker-entrypoint.s…"   3 minutes ago   Exited (137) 5 seconds ago             mynode


5) Удалите образ node версии 15.14:
PS D:\dz\backend-middle-homework> docker rm -f mynode
mynode

PS D:\dz\backend-middle-homework> docker ps -a
CONTAINER ID   IMAGE     COMMAND   CREATED   STATUS    PORTS     NAMES
PS D:\dz\backend-middle-homework>